============================================================
 AdNabuTestStore — Test Run Report
============================================================
 Date        : [Run date — generated when you execute the script]
 Environment : Chrome headless / Python 3.x / Selenium 4.x
 Store URL   : https://adnabuteststore.myshopify.com
 Search Term : Snowboard
 Timeout     : 20s per wait
------------------------------------------------------------

 HOW TO GENERATE THIS REPORT
 ----------------------------
 Run the following command from the project root:

   pytest tests/ -v --tb=short 2>&1 | tee reports/test_report.txt

 The output below is the expected format once you run it:

------------------------------------------------------------

 tests/test_search_and_add_to_cart.py::TestSearchAndAddToCart::test_search_product_and_add_to_cart

   [INFO] Clicked product: '<actual product name from store>'
   [INFO] Cart notification visible : True
   [INFO] Cart count badge          : 1

 PASSED                                                  [100%]

------------------------------------------------------------
 1 passed in X.XXs
============================================================

 NOTE
 ----
 This file is a template showing the expected output format.
 The actual report with real timing and product name is
 generated by running the test script against the live store.

 To produce the real report:
   1. pip install -r requirements.txt
   2. pip install pytest
   3. pytest tests/ -v --tb=short 2>&1 | tee reports/test_report.txt
   4. Commit the updated reports/test_report.txt to GitHub
============================================================
